Vivado Simulator 2019.1
Copyright 1986-1999, 2001-2019 Xilinx, Inc. All Rights Reserved.
Running: D:/Xilinx/Vivado/2019.1/bin/unwrapped/win64.o/xelab.exe tb_lite_led_chaser -s led_chaser_tb 
Multi-threading is on. Using 10 slave threads.
Starting static elaboration
Completed static elaboration
Starting simulation data flow analysis
Completed simulation data flow analysis
Time Resolution for simulation is 1ps
Compiling module work.lite_led_chaser(TICKS_PER_STEP=1...
Compiling module work.lite_led_chaser(TICKS_PER_STEP=7...
Compiling module work.lite_led_chaser(TICKS_PER_STEP=1...
Compiling module work.tb_lite_led_chaser
Built simulation snapshot led_chaser_tb

****** Webtalk v2019.1 (64-bit)
  **** SW Build 2552052 on Fri May 24 14:49:42 MDT 2019
  **** IP Build 2548770 on Fri May 24 18:01:18 MDT 2019
    ** Copyright 1986-2019 Xilinx, Inc. All Rights Reserved.

source D:/FPGACompetitionProject/FPGA/lite_led_chaser/runs/sim_20261001_115631_342b3c/xsim.dir/led_chaser_tb/webtalk/xsim_webtalk.tcl -notrace
INFO: [Common 17-206] Exiting Webtalk at Thu Oct  1 11:56:45 2026...
