#-----------------------------------------------------------
# xsim v2019.1 (64-bit)
# SW Build 2552052 on Fri May 24 14:49:42 MDT 2019
# IP Build 2548770 on Fri May 24 18:01:18 MDT 2019
# Start of session at: Thu Oct  1 17:08:00 2026
# Process ID: 7992
# Current directory: D:/FPGACompetitionProject/FPGA/lite_led_chaser/runs/sim_20261001_170754_15228a
# Command line: xsim.exe -mode tcl -source {xsim.dir/led_chaser_tb/xsim_script.tcl}
# Log file: D:/FPGACompetitionProject/FPGA/lite_led_chaser/runs/sim_20261001_170754_15228a/xsim.log
# Journal file: D:/FPGACompetitionProject/FPGA/lite_led_chaser/runs/sim_20261001_170754_15228a\xsim.jou
#-----------------------------------------------------------
source xsim.dir/led_chaser_tb/xsim_script.tcl
# xsim {led_chaser_tb} -autoloadwcfg -tclbatch {sim.tcl}
Vivado Simulator 2019.1
Time resolution is 1 ps
source sim.tcl
## run all
PASS: initialization, exact step boundaries, one-hot order and wrap; 3 divisors x 200 cycles
$finish called at time : 1996 ns : File "D:/FPGACompetitionProject/FPGA/lite_led_chaser/runs/sim_20261001_170754_15228a/tb_lite_led_chaser.sv" Line 37
## quit
INFO: [Common 17-206] Exiting xsim at Thu Oct  1 17:08:03 2026...
